I'm sorry, but errors were detected in your script. Please correct the
errors listed below, and try again.


File "game/quiz.rpy", line 592: is not terminated with a newline. (Check strings and parenthesis.)
                    for i in range(len(quiz_record[current_quiz]['records']):

Ren'Py Version: Ren'Py 8.1.3.23091805
Sat Mar 23 00:38:24 2024
